

HI-TECH Software 8051 Macro Assembler V9.60                                Page 1
                                                       Thu Mar 16 22:33:45 2023

     1                           	psect	idata,class=DATA,space=1,limit=080h
     2                           	psect	irdata,class=DATA,limit=080h
     3                           	global	_main
     4                           	signat	_main,88
     5                           	global	stack_internal
     6                           	psect	text,class=CODE
     7                           	psect	text
     8                           	file	"D:\3ÊÓÐÑ\2ÑÅÌÅÑ~1\ÇÅÌÖÎÂ\ÏÐÀÊÒÈÊÀ\PRACTI~
                                 3\PRACTI~1\main.c"
     9                           	line	4
    10  00003                     _main:
    11  00003  02 048D            	j	f1411
    12  00006                     f1410:
    13                           ;main.c: 3: void main()
    14                           
    15                           ;main.c: 4: {
    16                           
    17                           ;	var   _i assigned to ?a_main+0
    18                           ;	var   _j assigned to ?a_main+2
    19                           ;main.c: 5: unsigned int i,j;
    20                           
    21                           ;main.c: 8: P0 = 0x97;
    22                           
    23                           	line	8
    24  00006  75 80 97           	mov	080h,#151
    25                           ;main.c: 9: P2 = 0x1;
    26                           
    27                           	line	9
    28  00009  75 A0 01           	mov	0A0h,#1
    29                           ;main.c: 10: P2 = 0x0;
    30                           
    31                           	line	10
    32  0000C  75 A0 00           	mov	0A0h,#0
    33                           ;main.c: 11: P0 = 0x7;
    34                           
    35                           	line	11
    36  0000F  75 80 07           	mov	080h,#7
    37                           ;main.c: 12: P2 = 0x1;
    38                           
    39                           	line	12
    40  00012  75 A0 01           	mov	0A0h,#1
    41                           ;main.c: 13: P2 = 0x0;
    42                           
    43                           	line	13
    44  00015  75 A0 00           	mov	0A0h,#0
    45                           ;main.c: 15: for(i = 20; i > 0; i--)
    46                           
    47                           	line	15
    48  00018  75 20  00          	mov	?a_main+0,#high(20)
    49  0001B  75 21  14          	mov	?a_main+0+1,#low(20)
    50  0001E  E5 21              	mov	a,?a_main+0+1
    51  00020  45 20              	orl	a,?a_main+0
    52  00022  70 02              	bnz	u11
    53  00024  80 02              	jmp	u10
    54  00026                     u11:
    55  00026  80 03              	jmp	l3
    56  00028                     u10:
    57  00028  02 0221            	jmp	l4
    58                           	line	16
    59  0002B                     l3:
    60                           ;main.c: 16: {
    61                           
    62                           ;main.c: 17: if (i == 20) {P0 = 0xA2; P2 = 0x3; 
                                 P2 = 0x2; }
    63                           
    64                           	line	17
    65  0002B  E5 21              	mov	a,?a_main+0+1
    66  0002D  B4 14 07           	cbne	a,#low (20),u21
    67  00030  E5 20              	mov	a,?a_main+0
    68  00032  B4 00 02           	cbne	a,#high (20),u21
    69  00035  80 02              	jmp	u20
    70  00037                     u21:
    71  00037  80 09              	jmp	l6
    72  00039                     u20:
    73  00039  75 80 A2           	mov	080h,#162
    74  0003C  75 A0 03           	mov	0A0h,#3
    75  0003F  75 A0 02           	mov	0A0h,#2
    76  00042                     l6:
    77                           ;main.c: 18: if (i == 19) {P0 = 0xA0; P2 = 0x3; 
                                 P2 = 0x2; }
    78                           
    79                           	line	18
    80  00042  E5 21              	mov	a,?a_main+0+1
    81  00044  B4 13 07           	cbne	a,#low (19),u31
    82  00047  E5 20              	mov	a,?a_main+0
    83  00049  B4 00 02           	cbne	a,#high (19),u31
    84  0004C  80 02              	jmp	u30
    85  0004E                     u31:
    86  0004E  80 09              	jmp	l7
    87  00050                     u30:
    88  00050  75 80 A0           	mov	080h,#160
    89  00053  75 A0 03           	mov	0A0h,#3
    90  00056  75 A0 02           	mov	0A0h,#2
    91  00059                     l7:
    92                           ;main.c: 19: if (i == 18) {P0 = 0xA7; P2 = 0x3; 
                                 P2 = 0x2; }
    93                           
    94                           	line	19
    95  00059  E5 21              	mov	a,?a_main+0+1
    96  0005B  B4 12 07           	cbne	a,#low (18),u41
    97  0005E  E5 20              	mov	a,?a_main+0
    98  00060  B4 00 02           	cbne	a,#high (18),u41
    99  00063  80 02              	jmp	u40
   100  00065                     u41:
   101  00065  80 09              	jmp	l8
   102  00067                     u40:
   103  00067  75 80 A7           	mov	080h,#167
   104  0006A  75 A0 03           	mov	0A0h,#3
   105  0006D  75 A0 02           	mov	0A0h,#2
   106  00070                     l8:
   107                           ;main.c: 20: if (i == 17) {P0 = 0xA5; P2 = 0x3; 
                                 P2 = 0x2; }
   108                           
   109                           	line	20
   110  00070  E5 21              	mov	a,?a_main+0+1
   111  00072  B4 11 07           	cbne	a,#low (17),u51
   112  00075  E5 20              	mov	a,?a_main+0
   113  00077  B4 00 02           	cbne	a,#high (17),u51
   114  0007A  80 02              	jmp	u50
   115  0007C                     u51:
   116  0007C  80 09              	jmp	l9
   117  0007E                     u50:
   118  0007E  75 80 A5           	mov	080h,#165
   119  00081  75 A0 03           	mov	0A0h,#3
   120  00084  75 A0 02           	mov	0A0h,#2
   121  00087                     l9:
   122                           ;main.c: 21: if (i == 16) {P0 = 0xAE; P2 = 0x3; 
                                 P2 = 0x2; }
   123                           
   124                           	line	21
   125  00087  E5 21              	mov	a,?a_main+0+1
   126  00089  B4 10 07           	cbne	a,#low (16),u61
   127  0008C  E5 20              	mov	a,?a_main+0
   128  0008E  B4 00 02           	cbne	a,#high (16),u61
   129  00091  80 02              	jmp	u60
   130  00093                     u61:
   131  00093  80 09              	jmp	l10
   132  00095                     u60:
   133  00095  75 80 AE           	mov	080h,#174
   134  00098  75 A0 03           	mov	0A0h,#3
   135  0009B  75 A0 02           	mov	0A0h,#2
   136  0009E                     l10:
   137                           ;main.c: 22: if (i == 15) {P0 = 0xA9; P2 = 0x3; 
                                 P2 = 0x2; }
   138                           
   139                           	line	22
   140  0009E  E5 21              	mov	a,?a_main+0+1
   141  000A0  B4 0F 07           	cbne	a,#low (15),u71
   142  000A3  E5 20              	mov	a,?a_main+0
   143  000A5  B4 00 02           	cbne	a,#high (15),u71
   144  000A8  80 02              	jmp	u70
   145  000AA                     u71:
   146  000AA  80 09              	jmp	l11
   147  000AC                     u70:
   148  000AC  75 80 A9           	mov	080h,#169
   149  000AF  75 A0 03           	mov	0A0h,#3
   150  000B2  75 A0 02           	mov	0A0h,#2
   151  000B5                     l11:
   152                           ;main.c: 23: if (i == 14) {P0 = 0xAE; P2 = 0x3; 
                                 P2 = 0x2; }
   153                           
   154                           	line	23
   155  000B5  E5 21              	mov	a,?a_main+0+1
   156  000B7  B4 0E 07           	cbne	a,#low (14),u81
   157  000BA  E5 20              	mov	a,?a_main+0
   158  000BC  B4 00 02           	cbne	a,#high (14),u81
   159  000BF  80 02              	jmp	u80
   160  000C1                     u81:
   161  000C1  80 09              	jmp	l12
   162  000C3                     u80:
   163  000C3  75 80 AE           	mov	080h,#174
   164  000C6  75 A0 03           	mov	0A0h,#3
   165  000C9  75 A0 02           	mov	0A0h,#2
   166  000CC                     l12:
   167                           ;main.c: 24: if (i == 13) {P0 = 0x00; P2 = 0x3; 
                                 P2 = 0x2; }
   168                           
   169                           	line	24
   170  000CC  E5 21              	mov	a,?a_main+0+1
   171  000CE  B4 0D 07           	cbne	a,#low (13),u91
   172  000D1  E5 20              	mov	a,?a_main+0
   173  000D3  B4 00 02           	cbne	a,#high (13),u91
   174  000D6  80 02              	jmp	u90
   175  000D8                     u91:
   176  000D8  80 09              	jmp	l13
   177  000DA                     u90:
   178  000DA  75 80 00           	mov	080h,#0
   179  000DD  75 A0 03           	mov	0A0h,#3
   180  000E0  75 A0 02           	mov	0A0h,#2
   181  000E3                     l13:
   182                           ;main.c: 25: if (i == 12) {P0 = 0x00; P2 = 0x3; 
                                 P2 = 0x2; }
   183                           
   184                           	line	25
   185  000E3  E5 21              	mov	a,?a_main+0+1
   186  000E5  B4 0C 07           	cbne	a,#low (12),u101
   187  000E8  E5 20              	mov	a,?a_main+0
   188  000EA  B4 00 02           	cbne	a,#high (12),u101
   189  000ED  80 02              	jmp	u100
   190  000EF                     u101:
   191  000EF  80 09              	jmp	l14
   192  000F1                     u100:
   193  000F1  75 80 00           	mov	080h,#0
   194  000F4  75 A0 03           	mov	0A0h,#3
   195  000F7  75 A0 02           	mov	0A0h,#2
   196  000FA                     l14:
   197                           ;main.c: 26: if (i == 11) {P0 = 0x00; P2 = 0x3; 
                                 P2 = 0x2; }
   198                           
   199                           	line	26
   200  000FA  E5 21              	mov	a,?a_main+0+1
   201  000FC  B4 0B 07           	cbne	a,#low (11),u111
   202  000FF  E5 20              	mov	a,?a_main+0
   203  00101  B4 00 02           	cbne	a,#high (11),u111
   204  00104  80 02              	jmp	u110
   205  00106                     u111:
   206  00106  80 09              	jmp	l15
   207  00108                     u110:
   208  00108  75 80 00           	mov	080h,#0
   209  0010B  75 A0 03           	mov	0A0h,#3
   210  0010E  75 A0 02           	mov	0A0h,#2
   211  00111                     l15:
   212                           ;main.c: 27: if (i == 10) {P0 = 0x00; P2 = 0x3; 
                                 P2 = 0x2; }
   213                           
   214                           	line	27
   215  00111  E5 21              	mov	a,?a_main+0+1
   216  00113  B4 0A 07           	cbne	a,#low (10),u121
   217  00116  E5 20              	mov	a,?a_main+0
   218  00118  B4 00 02           	cbne	a,#high (10),u121
   219  0011B  80 02              	jmp	u120
   220  0011D                     u121:
   221  0011D  80 09              	jmp	l16
   222  0011F                     u120:
   223  0011F  75 80 00           	mov	080h,#0
   224  00122  75 A0 03           	mov	0A0h,#3
   225  00125  75 A0 02           	mov	0A0h,#2
   226  00128                     l16:
   227                           ;main.c: 28: if (i == 9) {P0 = 0x00; P2 = 0x3; P
                                 2 = 0x2; }
   228                           
   229                           	line	28
   230  00128  E5 21              	mov	a,?a_main+0+1
   231  0012A  B4 09 07           	cbne	a,#low (9),u131
   232  0012D  E5 20              	mov	a,?a_main+0
   233  0012F  B4 00 02           	cbne	a,#high (9),u131
   234  00132  80 02              	jmp	u130
   235  00134                     u131:
   236  00134  80 09              	jmp	l17
   237  00136                     u130:
   238  00136  75 80 00           	mov	080h,#0
   239  00139  75 A0 03           	mov	0A0h,#3
   240  0013C  75 A0 02           	mov	0A0h,#2
   241  0013F                     l17:
   242                           ;main.c: 29: if (i == 8) {P0 = 0x00; P2 = 0x3; P
                                 2 = 0x2; }
   243                           
   244                           	line	29
   245  0013F  E5 21              	mov	a,?a_main+0+1
   246  00141  B4 08 07           	cbne	a,#low (8),u141
   247  00144  E5 20              	mov	a,?a_main+0
   248  00146  B4 00 02           	cbne	a,#high (8),u141
   249  00149  80 02              	jmp	u140
   250  0014B                     u141:
   251  0014B  80 09              	jmp	l18
   252  0014D                     u140:
   253  0014D  75 80 00           	mov	080h,#0
   254  00150  75 A0 03           	mov	0A0h,#3
   255  00153  75 A0 02           	mov	0A0h,#2
   256  00156                     l18:
   257                           ;main.c: 30: if (i == 7) {P0 = 0x00; P2 = 0x3; P
                                 2 = 0x2; }
   258                           
   259                           	line	30
   260  00156  E5 21              	mov	a,?a_main+0+1
   261  00158  B4 07 07           	cbne	a,#low (7),u151
   262  0015B  E5 20              	mov	a,?a_main+0
   263  0015D  B4 00 02           	cbne	a,#high (7),u151
   264  00160  80 02              	jmp	u150
   265  00162                     u151:
   266  00162  80 09              	jmp	l19
   267  00164                     u150:
   268  00164  75 80 00           	mov	080h,#0
   269  00167  75 A0 03           	mov	0A0h,#3
   270  0016A  75 A0 02           	mov	0A0h,#2
   271  0016D                     l19:
   272                           ;main.c: 31: if (i == 6) {P0 = 0x00; P2 = 0x3; P
                                 2 = 0x2; }
   273                           
   274                           	line	31
   275  0016D  E5 21              	mov	a,?a_main+0+1
   276  0016F  B4 06 07           	cbne	a,#low (6),u161
   277  00172  E5 20              	mov	a,?a_main+0
   278  00174  B4 00 02           	cbne	a,#high (6),u161
   279  00177  80 02              	jmp	u160
   280  00179                     u161:
   281  00179  80 09              	jmp	l20
   282  0017B                     u160:
   283  0017B  75 80 00           	mov	080h,#0
   284  0017E  75 A0 03           	mov	0A0h,#3
   285  00181  75 A0 02           	mov	0A0h,#2
   286  00184                     l20:
   287                           ;main.c: 32: if (i == 5) {P0 = 0x00; P2 = 0x3; P
                                 2 = 0x2; }
   288                           
   289                           	line	32
   290  00184  E5 21              	mov	a,?a_main+0+1
   291  00186  B4 05 07           	cbne	a,#low (5),u171
   292  00189  E5 20              	mov	a,?a_main+0
   293  0018B  B4 00 02           	cbne	a,#high (5),u171
   294  0018E  80 02              	jmp	u170
   295  00190                     u171:
   296  00190  80 09              	jmp	l21
   297  00192                     u170:
   298  00192  75 80 00           	mov	080h,#0
   299  00195  75 A0 03           	mov	0A0h,#3
   300  00198  75 A0 02           	mov	0A0h,#2
   301  0019B                     l21:
   302                           ;main.c: 33: if (i == 4) {P0 = 0x00; P2 = 0x3; P
                                 2 = 0x2; }
   303                           
   304                           	line	33
   305  0019B  E5 21              	mov	a,?a_main+0+1
   306  0019D  B4 04 07           	cbne	a,#low (4),u181
   307  001A0  E5 20              	mov	a,?a_main+0
   308  001A2  B4 00 02           	cbne	a,#high (4),u181
   309  001A5  80 02              	jmp	u180
   310  001A7                     u181:
   311  001A7  80 09              	jmp	l22
   312  001A9                     u180:
   313  001A9  75 80 00           	mov	080h,#0
   314  001AC  75 A0 03           	mov	0A0h,#3
   315  001AF  75 A0 02           	mov	0A0h,#2
   316  001B2                     l22:
   317                           ;main.c: 34: if (i == 3) {P0 = 0x00; P2 = 0x3; P
                                 2 = 0x2; }
   318                           
   319                           	line	34
   320  001B2  E5 21              	mov	a,?a_main+0+1
   321  001B4  B4 03 07           	cbne	a,#low (3),u191
   322  001B7  E5 20              	mov	a,?a_main+0
   323  001B9  B4 00 02           	cbne	a,#high (3),u191
   324  001BC  80 02              	jmp	u190
   325  001BE                     u191:
   326  001BE  80 09              	jmp	l23
   327  001C0                     u190:
   328  001C0  75 80 00           	mov	080h,#0
   329  001C3  75 A0 03           	mov	0A0h,#3
   330  001C6  75 A0 02           	mov	0A0h,#2
   331  001C9                     l23:
   332                           ;main.c: 35: if (i == 2) {P0 = 0x00; P2 = 0x3; P
                                 2 = 0x2; }
   333                           
   334                           	line	35
   335  001C9  E5 21              	mov	a,?a_main+0+1
   336  001CB  B4 02 07           	cbne	a,#low (2),u201
   337  001CE  E5 20              	mov	a,?a_main+0
   338  001D0  B4 00 02           	cbne	a,#high (2),u201
   339  001D3  80 02              	jmp	u200
   340  001D5                     u201:
   341  001D5  80 09              	jmp	l24
   342  001D7                     u200:
   343  001D7  75 80 00           	mov	080h,#0
   344  001DA  75 A0 03           	mov	0A0h,#3
   345  001DD  75 A0 02           	mov	0A0h,#2
   346  001E0                     l24:
   347                           ;main.c: 36: if (i == 1) {P0 = 0x00; P2 = 0x3; P
                                 2 = 0x2; }
   348                           
   349                           	line	36
   350  001E0  E5 21              	mov	a,?a_main+0+1
   351  001E2  B4 01 07           	cbne	a,#low (1),u211
   352  001E5  E5 20              	mov	a,?a_main+0
   353  001E7  B4 00 02           	cbne	a,#high (1),u211
   354  001EA  80 02              	jmp	u210
   355  001EC                     u211:
   356  001EC  80 09              	jmp	l25
   357  001EE                     u210:
   358  001EE  75 80 00           	mov	080h,#0
   359  001F1  75 A0 03           	mov	0A0h,#3
   360  001F4  75 A0 02           	mov	0A0h,#2
   361  001F7                     l25:
   362                           ;main.c: 37: if (i == 0) {P0 = 0x00; P2 = 0x3; P
                                 2 = 0x2; }
   363                           
   364                           	line	37
   365  001F7  E5 21              	mov	a,?a_main+0+1
   366  001F9  45 20              	orl	a,?a_main+0
   367  001FB  70 02              	bnz	u221
   368  001FD  80 02              	jmp	u220
   369  001FF                     u221:
   370  001FF  80 09              	jmp	l26
   371  00201                     u220:
   372  00201  75 80 00           	mov	080h,#0
   373  00204  75 A0 03           	mov	0A0h,#3
   374  00207  75 A0 02           	mov	0A0h,#2
   375  0020A                     l26:
   376                           	line	15
   377  0020A  E5 21              	mov	a,?a_main+0+1
   378  0020C  24 FF              	add	a,#low (-01h)
   379  0020E  F5 21              	mov	?a_main+0+1,a
   380  00210  E5 20              	mov	a,?a_main+0
   381  00212  34 FF              	addc	a,#high (-01h)
   382  00214  F5 20              	mov	?a_main+0,a
   383  00216  E5 21              	mov	a,?a_main+0+1
   384  00218  45 20              	orl	a,?a_main+0
   385  0021A  70 02              	bnz	u231
   386  0021C  80 03              	jmp	u230
   387  0021E                     u231:
   388  0021E  02 002B            	jmp	l3
   389  00221                     u230:
   390  00221                     l4:
   391                           ;main.c: 39: }
   392                           
   393                           ;main.c: 41: P0 = 0xC0;
   394                           
   395                           	line	41
   396  00221  75 80 C0           	mov	080h,#192
   397                           ;main.c: 42: P2 = 0x1;
   398                           
   399                           	line	42
   400  00224  75 A0 01           	mov	0A0h,#1
   401                           ;main.c: 43: P2 = 0x0;
   402                           
   403                           	line	43
   404  00227  75 A0 00           	mov	0A0h,#0
   405                           ;main.c: 44: P0 = 0x6;
   406                           
   407                           	line	44
   408  0022A  75 80 06           	mov	080h,#6
   409                           ;main.c: 45: P2 = 0x1;
   410                           
   411                           	line	45
   412  0022D  75 A0 01           	mov	0A0h,#1
   413                           ;main.c: 46: P2 = 0x0;
   414                           
   415                           	line	46
   416  00230  75 A0 00           	mov	0A0h,#0
   417                           ;main.c: 48: for(i = 8; i > 0; i--)
   418                           
   419                           	line	48
   420  00233  75 20  00          	mov	?a_main+0,#high(8)
   421  00236  75 21  08          	mov	?a_main+0+1,#low(8)
   422  00239  E5 21              	mov	a,?a_main+0+1
   423  0023B  45 20              	orl	a,?a_main+0
   424  0023D  70 02              	bnz	u241
   425  0023F  80 02              	jmp	u240
   426  00241                     u241:
   427  00241  80 03              	jmp	l27
   428  00243                     u240:
   429  00243  02 0315            	jmp	l28
   430                           	line	49
   431  00246                     l27:
   432                           ;main.c: 49: {
   433                           
   434                           ;main.c: 50: if (i == 8) {P0 = 0x00; P2 = 0x3; P
                                 2 = 0x2; }
   435                           
   436                           	line	50
   437  00246  E5 21              	mov	a,?a_main+0+1
   438  00248  B4 08 07           	cbne	a,#low (8),u251
   439  0024B  E5 20              	mov	a,?a_main+0
   440  0024D  B4 00 02           	cbne	a,#high (8),u251
   441  00250  80 02              	jmp	u250
   442  00252                     u251:
   443  00252  80 09              	jmp	l30
   444  00254                     u250:
   445  00254  75 80 00           	mov	080h,#0
   446  00257  75 A0 03           	mov	0A0h,#3
   447  0025A  75 A0 02           	mov	0A0h,#2
   448  0025D                     l30:
   449                           ;main.c: 51: if (i == 7) {P0 = 0xAB; P2 = 0x3; P
                                 2 = 0x2; }
   450                           
   451                           	line	51
   452  0025D  E5 21              	mov	a,?a_main+0+1
   453  0025F  B4 07 07           	cbne	a,#low (7),u261
   454  00262  E5 20              	mov	a,?a_main+0
   455  00264  B4 00 02           	cbne	a,#high (7),u261
   456  00267  80 02              	jmp	u260
   457  00269                     u261:
   458  00269  80 09              	jmp	l31
   459  0026B                     u260:
   460  0026B  75 80 AB           	mov	080h,#171
   461  0026E  75 A0 03           	mov	0A0h,#3
   462  00271  75 A0 02           	mov	0A0h,#2
   463  00274                     l31:
   464                           ;main.c: 52: if (i == 6) {P0 = 0xA9; P2 = 0x3; P
                                 2 = 0x2; }
   465                           
   466                           	line	52
   467  00274  E5 21              	mov	a,?a_main+0+1
   468  00276  B4 06 07           	cbne	a,#low (6),u271
   469  00279  E5 20              	mov	a,?a_main+0
   470  0027B  B4 00 02           	cbne	a,#high (6),u271
   471  0027E  80 02              	jmp	u270
   472  00280                     u271:
   473  00280  80 09              	jmp	l32
   474  00282                     u270:
   475  00282  75 80 A9           	mov	080h,#169
   476  00285  75 A0 03           	mov	0A0h,#3
   477  00288  75 A0 02           	mov	0A0h,#2
   478  0028B                     l32:
   479                           ;main.c: 53: if (i == 5) {P0 = 0xB1; P2 = 0x3; P
                                 2 = 0x2; }
   480                           
   481                           	line	53
   482  0028B  E5 21              	mov	a,?a_main+0+1
   483  0028D  B4 05 07           	cbne	a,#low (5),u281
   484  00290  E5 20              	mov	a,?a_main+0
   485  00292  B4 00 02           	cbne	a,#high (5),u281
   486  00295  80 02              	jmp	u280
   487  00297                     u281:
   488  00297  80 09              	jmp	l33
   489  00299                     u280:
   490  00299  75 80 B1           	mov	080h,#177
   491  0029C  75 A0 03           	mov	0A0h,#3
   492  0029F  75 A0 02           	mov	0A0h,#2
   493  002A2                     l33:
   494                           ;main.c: 54: if (i == 4) {P0 = 0xA9; P2 = 0x3; P
                                 2 = 0x2; }
   495                           
   496                           	line	54
   497  002A2  E5 21              	mov	a,?a_main+0+1
   498  002A4  B4 04 07           	cbne	a,#low (4),u291
   499  002A7  E5 20              	mov	a,?a_main+0
   500  002A9  B4 00 02           	cbne	a,#high (4),u291
   501  002AC  80 02              	jmp	u290
   502  002AE                     u291:
   503  002AE  80 09              	jmp	l34
   504  002B0                     u290:
   505  002B0  75 80 A9           	mov	080h,#169
   506  002B3  75 A0 03           	mov	0A0h,#3
   507  002B6  75 A0 02           	mov	0A0h,#2
   508  002B9                     l34:
   509                           ;main.c: 55: if (i == 3) {P0 = 0xAC; P2 = 0x3; P
                                 2 = 0x2; }
   510                           
   511                           	line	55
   512  002B9  E5 21              	mov	a,?a_main+0+1
   513  002BB  B4 03 07           	cbne	a,#low (3),u301
   514  002BE  E5 20              	mov	a,?a_main+0
   515  002C0  B4 00 02           	cbne	a,#high (3),u301
   516  002C3  80 02              	jmp	u300
   517  002C5                     u301:
   518  002C5  80 09              	jmp	l35
   519  002C7                     u300:
   520  002C7  75 80 AC           	mov	080h,#172
   521  002CA  75 A0 03           	mov	0A0h,#3
   522  002CD  75 A0 02           	mov	0A0h,#2
   523  002D0                     l35:
   524                           ;main.c: 56: if (i == 2) {P0 = 0xAC; P2 = 0x3; P
                                 2 = 0x2; }
   525                           
   526                           	line	56
   527  002D0  E5 21              	mov	a,?a_main+0+1
   528  002D2  B4 02 07           	cbne	a,#low (2),u311
   529  002D5  E5 20              	mov	a,?a_main+0
   530  002D7  B4 00 02           	cbne	a,#high (2),u311
   531  002DA  80 02              	jmp	u310
   532  002DC                     u311:
   533  002DC  80 09              	jmp	l36
   534  002DE                     u310:
   535  002DE  75 80 AC           	mov	080h,#172
   536  002E1  75 A0 03           	mov	0A0h,#3
   537  002E4  75 A0 02           	mov	0A0h,#2
   538  002E7                     l36:
   539                           ;main.c: 57: if (i == 1) {P0 = 0x00; P2 = 0x3; P
                                 2 = 0x2; }
   540                           
   541                           	line	57
   542  002E7  E5 21              	mov	a,?a_main+0+1
   543  002E9  B4 01 07           	cbne	a,#low (1),u321
   544  002EC  E5 20              	mov	a,?a_main+0
   545  002EE  B4 00 02           	cbne	a,#high (1),u321
   546  002F1  80 02              	jmp	u320
   547  002F3                     u321:
   548  002F3  80 09              	jmp	l37
   549  002F5                     u320:
   550  002F5  75 80 00           	mov	080h,#0
   551  002F8  75 A0 03           	mov	0A0h,#3
   552  002FB  75 A0 02           	mov	0A0h,#2
   553  002FE                     l37:
   554                           	line	48
   555  002FE  E5 21              	mov	a,?a_main+0+1
   556  00300  24 FF              	add	a,#low (-01h)
   557  00302  F5 21              	mov	?a_main+0+1,a
   558  00304  E5 20              	mov	a,?a_main+0
   559  00306  34 FF              	addc	a,#high (-01h)
   560  00308  F5 20              	mov	?a_main+0,a
   561  0030A  E5 21              	mov	a,?a_main+0+1
   562  0030C  45 20              	orl	a,?a_main+0
   563  0030E  70 02              	bnz	u331
   564  00310  80 03              	jmp	u330
   565  00312                     u331:
   566  00312  02 0246            	jmp	l27
   567  00315                     u330:
   568  00315                     l28:
   569                           ;main.c: 58: }
   570                           
   571                           ;main.c: 60: P0 = 0xCa;
   572                           
   573                           	line	60
   574  00315  75 80 CA           	mov	080h,#202
   575                           ;main.c: 61: P2 = 0x1;
   576                           
   577                           	line	61
   578  00318  75 A0 01           	mov	0A0h,#1
   579                           ;main.c: 62: P2 = 0x0;
   580                           
   581                           	line	62
   582  0031B  75 A0 00           	mov	0A0h,#0
   583                           ;main.c: 64: for(i = 14; i > 0; i--)
   584                           
   585                           	line	64
   586  0031E  75 20  00          	mov	?a_main+0,#high(14)
   587  00321  75 21  0E          	mov	?a_main+0+1,#low(14)
   588  00324  E5 21              	mov	a,?a_main+0+1
   589  00326  45 20              	orl	a,?a_main+0
   590  00328  70 02              	bnz	u341
   591  0032A  80 02              	jmp	u340
   592  0032C                     u341:
   593  0032C  80 03              	jmp	l38
   594  0032E                     u340:
   595  0032E  02 048A            	jmp	l39
   596                           	line	65
   597  00331                     l38:
   598                           ;main.c: 65: {
   599                           
   600                           ;main.c: 66: if (i == 14) {P0 = 0xA4; P2 = 0x3; 
                                 P2 = 0x2; }
   601                           
   602                           	line	66
   603  00331  E5 21              	mov	a,?a_main+0+1
   604  00333  B4 0E 07           	cbne	a,#low (14),u351
   605  00336  E5 20              	mov	a,?a_main+0
   606  00338  B4 00 02           	cbne	a,#high (14),u351
   607  0033B  80 02              	jmp	u350
   608  0033D                     u351:
   609  0033D  80 09              	jmp	l41
   610  0033F                     u350:
   611  0033F  75 80 A4           	mov	080h,#164
   612  00342  75 A0 03           	mov	0A0h,#3
   613  00345  75 A0 02           	mov	0A0h,#2
   614  00348                     l41:
   615                           ;main.c: 67: if (i == 13) {P0 = 0xAD; P2 = 0x3; 
                                 P2 = 0x2; }
   616                           
   617                           	line	67
   618  00348  E5 21              	mov	a,?a_main+0+1
   619  0034A  B4 0D 07           	cbne	a,#low (13),u361
   620  0034D  E5 20              	mov	a,?a_main+0
   621  0034F  B4 00 02           	cbne	a,#high (13),u361
   622  00352  80 02              	jmp	u360
   623  00354                     u361:
   624  00354  80 09              	jmp	l42
   625  00356                     u360:
   626  00356  75 80 AD           	mov	080h,#173
   627  00359  75 A0 03           	mov	0A0h,#3
   628  0035C  75 A0 02           	mov	0A0h,#2
   629  0035F                     l42:
   630                           ;main.c: 68: if (i == 12) {P0 = 0xA9; P2 = 0x3; 
                                 P2 = 0x2; }
   631                           
   632                           	line	68
   633  0035F  E5 21              	mov	a,?a_main+0+1
   634  00361  B4 0C 07           	cbne	a,#low (12),u371
   635  00364  E5 20              	mov	a,?a_main+0
   636  00366  B4 00 02           	cbne	a,#high (12),u371
   637  00369  80 02              	jmp	u370
   638  0036B                     u371:
   639  0036B  80 09              	jmp	l43
   640  0036D                     u370:
   641  0036D  75 80 A9           	mov	080h,#169
   642  00370  75 A0 03           	mov	0A0h,#3
   643  00373  75 A0 02           	mov	0A0h,#2
   644  00376                     l43:
   645                           ;main.c: 69: if (i == 11) {P0 = 0xB3; P2 = 0x3; 
                                 P2 = 0x2; }
   646                           
   647                           	line	69
   648  00376  E5 21              	mov	a,?a_main+0+1
   649  00378  B4 0B 07           	cbne	a,#low (11),u381
   650  0037B  E5 20              	mov	a,?a_main+0
   651  0037D  B4 00 02           	cbne	a,#high (11),u381
   652  00380  80 02              	jmp	u380
   653  00382                     u381:
   654  00382  80 09              	jmp	l44
   655  00384                     u380:
   656  00384  75 80 B3           	mov	080h,#179
   657  00387  75 A0 03           	mov	0A0h,#3
   658  0038A  75 A0 02           	mov	0A0h,#2
   659  0038D                     l44:
   660                           ;main.c: 70: if (i == 10) {P0 = 0xB1; P2 = 0x3; 
                                 P2 = 0x2; }
   661                           
   662                           	line	70
   663  0038D  E5 21              	mov	a,?a_main+0+1
   664  0038F  B4 0A 07           	cbne	a,#low (10),u391
   665  00392  E5 20              	mov	a,?a_main+0
   666  00394  B4 00 02           	cbne	a,#high (10),u391
   667  00397  80 02              	jmp	u390
   668  00399                     u391:
   669  00399  80 09              	jmp	l45
   670  0039B                     u390:
   671  0039B  75 80 B1           	mov	080h,#177
   672  0039E  75 A0 03           	mov	0A0h,#3
   673  003A1  75 A0 02           	mov	0A0h,#2
   674  003A4                     l45:
   675                           ;main.c: 71: if (i == 9) {P0 = 0xA9; P2 = 0x3; P
                                 2 = 0x2; }
   676                           
   677                           	line	71
   678  003A4  E5 21              	mov	a,?a_main+0+1
   679  003A6  B4 09 07           	cbne	a,#low (9),u401
   680  003A9  E5 20              	mov	a,?a_main+0
   681  003AB  B4 00 02           	cbne	a,#high (9),u401
   682  003AE  80 02              	jmp	u400
   683  003B0                     u401:
   684  003B0  80 09              	jmp	l46
   685  003B2                     u400:
   686  003B2  75 80 A9           	mov	080h,#169
   687  003B5  75 A0 03           	mov	0A0h,#3
   688  003B8  75 A0 02           	mov	0A0h,#2
   689  003BB                     l46:
   690                           ;main.c: 72: if (i == 8) {P0 = 0xA5; P2 = 0x3; P
                                 2 = 0x2; }
   691                           
   692                           	line	72
   693  003BB  E5 21              	mov	a,?a_main+0+1
   694  003BD  B4 08 07           	cbne	a,#low (8),u411
   695  003C0  E5 20              	mov	a,?a_main+0
   696  003C2  B4 00 02           	cbne	a,#high (8),u411
   697  003C5  80 02              	jmp	u410
   698  003C7                     u411:
   699  003C7  80 09              	jmp	l47
   700  003C9                     u410:
   701  003C9  75 80 A5           	mov	080h,#165
   702  003CC  75 A0 03           	mov	0A0h,#3
   703  003CF  75 A0 02           	mov	0A0h,#2
   704  003D2                     l47:
   705                           ;main.c: 73: if (i == 7) {P0 = 0xA2; P2 = 0x3; P
                                 2 = 0x2; }
   706                           
   707                           	line	73
   708  003D2  E5 21              	mov	a,?a_main+0+1
   709  003D4  B4 07 07           	cbne	a,#low (7),u421
   710  003D7  E5 20              	mov	a,?a_main+0
   711  003D9  B4 00 02           	cbne	a,#high (7),u421
   712  003DC  80 02              	jmp	u420
   713  003DE                     u421:
   714  003DE  80 09              	jmp	l48
   715  003E0                     u420:
   716  003E0  75 80 A2           	mov	080h,#162
   717  003E3  75 A0 03           	mov	0A0h,#3
   718  003E6  75 A0 02           	mov	0A0h,#2
   719  003E9                     l48:
   720                           ;main.c: 74: if (i == 6) {P0 = 0xA9; P2 = 0x3; P
                                 2 = 0x2; }
   721                           
   722                           	line	74
   723  003E9  E5 21              	mov	a,?a_main+0+1
   724  003EB  B4 06 07           	cbne	a,#low (6),u431
   725  003EE  E5 20              	mov	a,?a_main+0
   726  003F0  B4 00 02           	cbne	a,#high (6),u431
   727  003F3  80 02              	jmp	u430
   728  003F5                     u431:
   729  003F5  80 09              	jmp	l49
   730  003F7                     u430:
   731  003F7  75 80 A9           	mov	080h,#169
   732  003FA  75 A0 03           	mov	0A0h,#3
   733  003FD  75 A0 02           	mov	0A0h,#2
   734  00400                     l49:
   735                           ;main.c: 75: if (i == 5) {P0 = 0xB8; P2 = 0x3; P
                                 2 = 0x2; }
   736                           
   737                           	line	75
   738  00400  E5 21              	mov	a,?a_main+0+1
   739  00402  B4 05 07           	cbne	a,#low (5),u441
   740  00405  E5 20              	mov	a,?a_main+0
   741  00407  B4 00 02           	cbne	a,#high (5),u441
   742  0040A  80 02              	jmp	u440
   743  0040C                     u441:
   744  0040C  80 09              	jmp	l50
   745  0040E                     u440:
   746  0040E  75 80 B8           	mov	080h,#184
   747  00411  75 A0 03           	mov	0A0h,#3
   748  00414  75 A0 02           	mov	0A0h,#2
   749  00417                     l50:
   750                           ;main.c: 76: if (i == 4) {P0 = 0x00; P2 = 0x3; P
                                 2 = 0x2; }
   751                           
   752                           	line	76
   753  00417  E5 21              	mov	a,?a_main+0+1
   754  00419  B4 04 07           	cbne	a,#low (4),u451
   755  0041C  E5 20              	mov	a,?a_main+0
   756  0041E  B4 00 02           	cbne	a,#high (4),u451
   757  00421  80 02              	jmp	u450
   758  00423                     u451:
   759  00423  80 09              	jmp	l51
   760  00425                     u450:
   761  00425  75 80 00           	mov	080h,#0
   762  00428  75 A0 03           	mov	0A0h,#3
   763  0042B  75 A0 02           	mov	0A0h,#2
   764  0042E                     l51:
   765                           ;main.c: 77: if (i == 3) {P0 = 0x00; P2 = 0x3; P
                                 2 = 0x2; }
   766                           
   767                           	line	77
   768  0042E  E5 21              	mov	a,?a_main+0+1
   769  00430  B4 03 07           	cbne	a,#low (3),u461
   770  00433  E5 20              	mov	a,?a_main+0
   771  00435  B4 00 02           	cbne	a,#high (3),u461
   772  00438  80 02              	jmp	u460
   773  0043A                     u461:
   774  0043A  80 09              	jmp	l52
   775  0043C                     u460:
   776  0043C  75 80 00           	mov	080h,#0
   777  0043F  75 A0 03           	mov	0A0h,#3
   778  00442  75 A0 02           	mov	0A0h,#2
   779  00445                     l52:
   780                           ;main.c: 78: if (i == 2) {P0 = 0x00; P2 = 0x3; P
                                 2 = 0x2; }
   781                           
   782                           	line	78
   783  00445  E5 21              	mov	a,?a_main+0+1
   784  00447  B4 02 07           	cbne	a,#low (2),u471
   785  0044A  E5 20              	mov	a,?a_main+0
   786  0044C  B4 00 02           	cbne	a,#high (2),u471
   787  0044F  80 02              	jmp	u470
   788  00451                     u471:
   789  00451  80 09              	jmp	l53
   790  00453                     u470:
   791  00453  75 80 00           	mov	080h,#0
   792  00456  75 A0 03           	mov	0A0h,#3
   793  00459  75 A0 02           	mov	0A0h,#2
   794  0045C                     l53:
   795                           ;main.c: 79: if (i == 1) {P0 = 0x00; P2 = 0x3; P
                                 2 = 0x2; }
   796                           
   797                           	line	79
   798  0045C  E5 21              	mov	a,?a_main+0+1
   799  0045E  B4 01 07           	cbne	a,#low (1),u481
   800  00461  E5 20              	mov	a,?a_main+0
   801  00463  B4 00 02           	cbne	a,#high (1),u481
   802  00466  80 02              	jmp	u480
   803  00468                     u481:
   804  00468  80 09              	jmp	l54
   805  0046A                     u480:
   806  0046A  75 80 00           	mov	080h,#0
   807  0046D  75 A0 03           	mov	0A0h,#3
   808  00470  75 A0 02           	mov	0A0h,#2
   809  00473                     l54:
   810                           	line	64
   811  00473  E5 21              	mov	a,?a_main+0+1
   812  00475  24 FF              	add	a,#low (-01h)
   813  00477  F5 21              	mov	?a_main+0+1,a
   814  00479  E5 20              	mov	a,?a_main+0
   815  0047B  34 FF              	addc	a,#high (-01h)
   816  0047D  F5 20              	mov	?a_main+0,a
   817  0047F  E5 21              	mov	a,?a_main+0+1
   818  00481  45 20              	orl	a,?a_main+0
   819  00483  70 02              	bnz	u491
   820  00485  80 03              	jmp	u490
   821  00487                     u491:
   822  00487  02 0331            	jmp	l38
   823  0048A                     u490:
   824  0048A                     l39:
   825                           ;main.c: 80: }
   826                           
   827                           ;main.c: 82: while(1)
   828                           
   829                           	line	82
   830  0048A                     l56:
   831                           ;main.c: 83: {
   832                           
   833                           	line	84
   834  0048A                     l55:
   835                           	line	82
   836  0048A  80 FE              	jmp	l56
   837  0048C                     l57:
   838                           ;main.c: 84: }
   839                           
   840                           ;main.c: 85: }
   841                           
   842                           	line	85
   843  0048C                     l2:
   844  0048C  22                 	ret
   845  0048D                     f1411:
   846  0048D  02 0006            	j	f1410
   847                           	FNSIZE	_main,4,0
   848                           	global	?a_main
   849  0000                     f1412	equ	0
   850  0000                     _A10	equ	162
   851  0000                     _A11	equ	163
   852  0000                     _A12	equ	164
   853  0000                     _A13	equ	165
   854  0000                     _A14	equ	166
   855  0000                     _A15	equ	167
   856  0000                     _A8	equ	160
   857  0000                     _A9	equ	161
   858  0000                     _AC	equ	214
   859  0000                     _ACC0	equ	224
   860  0000                     _ACC1	equ	225
   861  0000                     _ACC2	equ	226
   862  0000                     _ACC3	equ	227
   863  0000                     _ACC4	equ	228
   864  0000                     _ACC5	equ	229
   865  0000                     _ACC6	equ	230
   866  0000                     _ACC7	equ	231
   867  0000                     _AD0	equ	128
   868  0000                     _AD1	equ	129
   869  0000                     _AD2	equ	130
   870  0000                     _AD3	equ	131
   871  0000                     _AD4	equ	132
   872  0000                     _AD5	equ	133
   873  0000                     _AD6	equ	134
   874  0000                     _AD7	equ	135
   875  0000                     _B0	equ	240
   876  0000                     _B1	equ	241
   877  0000                     _B2	equ	242
   878  0000                     _B3	equ	243
   879  0000                     _B4	equ	244
   880  0000                     _B5	equ	245
   881  0000                     _B6	equ	246
   882  0000                     _B7	equ	247
   883  0000                     _CY	equ	215
   884  0000                     _EA	equ	175
   885  0000                     _ES	equ	172
   886  0000                     _ET0	equ	169
   887  0000                     _ET1	equ	171
   888  0000                     _EX0	equ	168
   889  0000                     _EX1	equ	170
   890  0000                     _F0	equ	213
   891  0000                     _IE0	equ	137
   892  0000                     _IE1	equ	139
   893  0000                     _INT0	equ	178
   894  0000                     _INT1	equ	179
   895  0000                     _IT0	equ	136
   896  0000                     _IT1	equ	138
   897  0000                     _OV	equ	210
   898  0000                     _P	equ	208
   899  0000                     _P00	equ	128
   900  0000                     _P01	equ	129
   901  0000                     _P02	equ	130
   902  0000                     _P03	equ	131
   903  0000                     _P04	equ	132
   904  0000                     _P05	equ	133
   905  0000                     _P06	equ	134
   906  0000                     _P07	equ	135
   907  0000                     _P10	equ	144
   908  0000                     _P11	equ	145
   909  0000                     _P12	equ	146
   910  0000                     _P13	equ	147
   911  0000                     _P14	equ	148
   912  0000                     _P15	equ	149
   913  0000                     _P16	equ	150
   914  0000                     _P17	equ	151
   915  0000                     _P20	equ	160
   916  0000                     _P21	equ	161
   917  0000                     _P22	equ	162
   918  0000                     _P23	equ	163
   919  0000                     _P24	equ	164
   920  0000                     _P25	equ	165
   921  0000                     _P26	equ	166
   922  0000                     _P27	equ	167
   923  0000                     _P30	equ	176
   924  0000                     _P31	equ	177
   925  0000                     _P32	equ	178
   926  0000                     _P33	equ	179
   927  0000                     _P34	equ	180
   928  0000                     _P35	equ	181
   929  0000                     _P36	equ	182
   930  0000                     _P37	equ	183
   931  0000                     _PS	equ	188
   932  0000                     _PT0	equ	185
   933  0000                     _PT1	equ	187
   934  0000                     _PX0	equ	184
   935  0000                     _PX1	equ	186
   936  0000                     _RB8	equ	154
   937  0000                     _RD	equ	183
   938  0000                     _REN	equ	156
   939  0000                     _RI	equ	152
   940  0000                     _RS0	equ	211
   941  0000                     _RS1	equ	212
   942  0000                     _RXD	equ	176
   943  0000                     _SM0	equ	159
   944  0000                     _SM1	equ	158
   945  0000                     _SM2	equ	157
   946  0000                     _T0	equ	180
   947  0000                     _T1	equ	181
   948  0000                     _TB8	equ	155
   949  0000                     _TF0	equ	141
   950  0000                     _TF1	equ	143
   951  0000                     _TI	equ	153
   952  0000                     _TR0	equ	140
   953  0000                     _TR1	equ	142
   954  0000                     _TXD	equ	177
   955  0000                     _WR	equ	182
   956  0000                     _ACC	equ	224
   957  0000                     _B	equ	240
   958  0000                     _DPH	equ	131
   959  0000                     _DPL	equ	130
   960  0000                     _IE	equ	168
   961  0000                     _IP	equ	184
   962  0000                     _P0	equ	128
   963  0000                     _P1	equ	144
   964  0000                     _P2	equ	160
   965  0000                     _P3	equ	176
   966  0000                     _PCON	equ	135
   967  0000                     _PSW	equ	208
   968  0000                     _SBUF	equ	153
   969  0000                     _SCON	equ	152
   970  0000                     _SP	equ	129
   971  0000                     _TCON	equ	136
   972  0000                     _TH0	equ	140
   973  0000                     _TH1	equ	141
   974  0000                     _TL0	equ	138
   975  0000                     _TL1	equ	139
   976  0000                     _TMOD	equ	137
   977  0000                     _ACC_BITS	equ	224
   978  0000                     _B_BITS	equ	240
   979  0000                     _IE_BITS	equ	168
   980  0000                     _IP_BITS	equ	184
   981  0000                     _P0_BITS	equ	128
   982  0000                     _P1_BITS	equ	144
   983  0000                     _P2_BITS	equ	160
   984  0000                     _P3_BITS	equ	176
   985  0000                     _PCON_BITS	equ	135
   986  0000                     _PSW_BITS	equ	208
   987  0000                     _SCON_BITS	equ	152
   988  0000                     _TCON_BITS	equ	136
   989  0000                     _TMOD_BITS	equ	137


HI-TECH Software 8051 Macro Assembler V9.60                                Page 2
Symbol Table                                           Thu Mar 16 22:33:45 2023

       ?a_main 00020              _B 000F0              l2 0048C  
            l3 0002B              l4 00221              _P 000D0  
            l6 00042              l7 00059              l8 00070  
            l9 00087             _B0 000F0             _B1 000F1  
           _B2 000F2             _B3 000F3             _B4 000F4  
           _B5 000F5             _B6 000F6             _A8 000A0  
           _B7 000F7             _A9 000A1             _F0 000D5  
           _AC 000D6             l10 0009E             l11 000B5  
           l20 00184             l12 000CC             l21 0019B  
           l13 000E3             l30 0025D             l22 001B2  
           l14 000FA             _EA 000AF             l31 00274  
           l23 001C9             l15 00111             l32 0028B  
           l24 001E0             l16 00128             l41 00348  
           l33 002A2             l25 001F7             l17 0013F  
           l50 00417             l42 0035F             l34 002B9  
           l26 0020A             l18 00156             l51 0042E  
           l43 00376             l35 002D0             l27 00246  
           l19 0016D             _P0 00080             l52 00445  
           l44 0038D             l36 002E7             l28 00315  
           _P1 00090             l53 0045C             l45 003A4  
           l37 002FE             _P2 000A0             l54 00473  
           l46 003BB             l38 00331             _P3 000B0  
           l55 0048A             l47 003D2             l39 0048A  
           l56 0048A             l48 003E9             l57 0048C  
           l49 00400             _IE 000A8             _T0 000B4  
           _T1 000B5             _ES 000AC             _CY 000D7  
           _IP 000B8             _RD 000B7             u10 00028  
           u11 00026             u20 00039             _RI 00098  
           u21 00037             u30 00050             u31 0004E  
           u40 00067             _TI 00099             u41 00065  
           u50 0007E             _PS 000BC             u51 0007C  
           _OV 000D2             u60 00095             u61 00093  
           _SP 00081             u70 000AC             u71 000AA  
           u80 000C3             u81 000C1             u90 000DA  
           u91 000D8             _WR 000B6         _B_BITS 000F0  
          _A10 000A2            _A11 000A3            _A12 000A4  
          _A13 000A5            _A14 000A6            _A15 000A7  
          _AD0 00080            _AD1 00081            _AD2 00082  
          _AD3 00083            _AD4 00084            _AD5 00085  
          _AD6 00086            _AD7 00087            _ACC 000E0  
          _P00 00080            _P01 00081            _P10 00090  
          _P02 00082            _P11 00091            _P03 00083  
          _P20 000A0            _P12 00092            _P04 00084  
          _P21 000A1            _P13 00093            _P05 00085  
          _P30 000B0            _P22 000A2            _P14 00094  
          _P06 00086            _P31 000B1            _P23 000A3  
          _P15 00095            _P07 00087            _P32 000B2  
          _P24 000A4            _P16 00096            _P33 000B3  
          _P25 000A5            _P17 00097            _P34 000B4  
          _P26 000A6            _P35 000B5            _P27 000A7  
          _P36 000B6            _P37 000B7            _IE0 00089  
          _IE1 0008B            _ET0 000A9            _ET1 000AB  
          _EX0 000A8            _EX1 000AA            _DPH 00083  
          _DPL 00082            _IT0 00088            _IT1 0008A  
          _RB8 0009A            u100 000F1            u101 000EF  
          u110 00108            u111 00106            u200 001D7  
          u120 0011F            u201 001D5            u121 0011D  
          u210 001EE            u130 00136            u211 001EC  
          u131 00134            _TF0 0008D            _TB8 0009B  
          u300 002C7            u220 00201            u140 0014D  
          _TF1 0008F            u301 002C5            u221 001FF  
          u141 0014B            u310 002DE            u230 00221  
          u150 00164            u311 002DC            u231 0021E  
          u151 00162            _TH0 0008C            u400 003B2  
          u320 002F5            u240 00243            u160 0017B  
          _TH1 0008D            u401 003B0            u321 002F3  
          u241 00241            u161 00179            u410 003C9  
          u330 00315            u250 00254            u170 00192  
          u411 003C7            u331 00312            u251 00252  
          u171 00190            u420 003E0            u340 0032E  
          u260 0026B            u180 001A9            u421 003DE  
          u341 0032C            u261 00269            u181 001A7  
          _SM0 0009F            u430 003F7            u350 0033F  
          u270 00282            u190 001C0            _SM1 0009E  
          u431 003F5            u351 0033D            u271 00280  
          u191 001BE            _TL0 0008A            _SM2 0009D  
          _PT0 000B9            u440 0040E            u360 00356  
          u280 00299            _TL1 0008B            _PT1 000BB  
          u441 0040C            u361 00354            u281 00297  
          u450 00425            u370 0036D            u290 002B0  
          u451 00423            u371 0036B            u291 002AE  
          u460 0043C            u380 00384            u461 0043A  
          u381 00382            _RS0 000D3            u470 00453  
          u390 0039B            _RS1 000D4            u471 00451  
          u391 00399            _REN 0009C            _PX0 000B8  
          u480 0046A            _PX1 000BA            u481 00468  
          u490 0048A            u491 00487            _TR0 0008C  
          _TR1 0008E            _RXD 000B0            _PSW 000D0  
          _TXD 000B1        _P0_BITS 00080        _P1_BITS 00090  
      _P2_BITS 000A0        _P3_BITS 000B0        _IE_BITS 000A8  
     _ACC_BITS 000E0        _IP_BITS 000B8           f1410 00006  
         f1411 0048D           f1412 00000           _ACC0 000E0  
         _ACC1 000E1           _ACC2 000E2           _ACC3 000E3  
         _ACC4 000E4           _ACC5 000E5           _ACC6 000E6  
         _ACC7 000E7  stack_internal 00001           _INT0 000B2  
         _INT1 000B3           _PCON 00087           _SCON 00098  
         _SBUF 00099           _TCON 00088           _TMOD 00089  
         _main 00003       _PSW_BITS 000D0      _PCON_BITS 00087  
    _SCON_BITS 00098      _TCON_BITS 00088      _TMOD_BITS 00089  
